// Jest Snapshot v1, https://goo.gl/fbAQLP

exports[`Rocket List Renders correctly 1`] = `
<ul
  className="all-rockets"
/>
`;
