// Jest Snapshot v1, https://goo.gl/fbAQLP

exports[`List of missions is rendering 1`] = `
<div
  className="table"
>
  <ul
    className="tableUl"
  >
    <li
      className="tableLi"
    >
      <h3
        className="gridItem"
      >
        Mission
      </h3>
      <h3
        className="gridItem"
      >
        Description
      </h3>
      <h3
        className="gridItem"
      >
        Status
      </h3>
      <h3
        className="gridItem"
      >
        Empty
      </h3>
    </li>
  </ul>
</div>
`;
